<testsuites id="" name="" tests="12" failures="6" skipped="0" errors="0" time="33.53406">
<testsuite name="test-1.spec.ts" timestamp="2024-07-17T12:50:58.495Z" hostname="chromium" tests="4" failures="2" skipped="0" time="23.512" errors="0">
<testcase name="Successfull login" classname="test-1.spec.ts" time="8.356">
<failure message="test-1.spec.ts:4:5 Successfull login" type="FAILURE">
<![CDATA[  [chromium] › test-1.spec.ts:4:5 › Successfull login ──────────────────────────────────────────────

    Error: Timed out 5000ms waiting for expect(locator).toContainText(expected)

    Locator: getByRole('heading', { name: 'Global dashboard' })
    Expected string: "Global dashboard"
    Received: <element(s) not found>
    Call log:
      - expect.toContainText with timeout 5000ms
      - waiting for getByRole('heading', { name: 'Global dashboard' })


       9 |   await page.getByRole('textbox').fill('Password123!');
      10 |   await page.getByRole('button', { name: 'Sign in' }).click();
    > 11 |   await expect(page.getByRole('heading', { name: 'Global dashboard' })).toContainText('Global dashboard');
         |                                                                         ^
      12 | });
      13 |
      14 | test('Wrong Password login', async ({ page }) => {

        at /Users/devico/Documents/Nanitor UI Tests/tests/test-1.spec.ts:11:73
]]>
</failure>
</testcase>
<testcase name="Wrong Password login" classname="test-1.spec.ts" time="3.498">
</testcase>
<testcase name="Wrong Email login" classname="test-1.spec.ts" time="3.492">
</testcase>
<testcase name="Logout" classname="test-1.spec.ts" time="8.166">
<failure message="test-1.spec.ts:33:5 Logout" type="FAILURE">
<![CDATA[  [chromium] › test-1.spec.ts:33:5 › Logout ────────────────────────────────────────────────────────

    Error: Timed out 5000ms waiting for expect(locator).toContainText(expected)

    Locator: getByRole('heading', { name: 'Global dashboard' })
    Expected string: "Global dashboard"
    Received: <element(s) not found>
    Call log:
      - expect.toContainText with timeout 5000ms
      - waiting for getByRole('heading', { name: 'Global dashboard' })


      38 |   await page.getByRole('textbox').fill('Password123!');
      39 |   await page.getByRole('button', { name: 'Sign in' }).click();
    > 40 |   await expect(page.getByRole('heading', { name: 'Global dashboard' })).toContainText('Global dashboard');
         |                                                                         ^
      41 |   await page.locator('org-navigator').getByRole('button').first().click();
      42 |   await page.getByText('Log out').click();
      43 |   await expect(page.getByRole('heading')).toContainText('Sign in');

        at /Users/devico/Documents/Nanitor UI Tests/tests/test-1.spec.ts:40:73
]]>
</failure>
</testcase>
</testsuite>
<testsuite name="test-1.spec.ts" timestamp="2024-07-17T12:50:58.495Z" hostname="firefox" tests="4" failures="2" skipped="0" time="34.947" errors="0">
<testcase name="Successfull login" classname="test-1.spec.ts" time="11.016">
<failure message="test-1.spec.ts:4:5 Successfull login" type="FAILURE">
<![CDATA[  [firefox] › test-1.spec.ts:4:5 › Successfull login ───────────────────────────────────────────────

    Error: Timed out 5000ms waiting for expect(locator).toContainText(expected)

    Locator: getByRole('heading', { name: 'Global dashboard' })
    Expected string: "Global dashboard"
    Received: <element(s) not found>
    Call log:
      - expect.toContainText with timeout 5000ms
      - waiting for getByRole('heading', { name: 'Global dashboard' })


       9 |   await page.getByRole('textbox').fill('Password123!');
      10 |   await page.getByRole('button', { name: 'Sign in' }).click();
    > 11 |   await expect(page.getByRole('heading', { name: 'Global dashboard' })).toContainText('Global dashboard');
         |                                                                         ^
      12 | });
      13 |
      14 | test('Wrong Password login', async ({ page }) => {

        at /Users/devico/Documents/Nanitor UI Tests/tests/test-1.spec.ts:11:73
]]>
</failure>
</testcase>
<testcase name="Wrong Password login" classname="test-1.spec.ts" time="6.589">
</testcase>
<testcase name="Wrong Email login" classname="test-1.spec.ts" time="6.307">
</testcase>
<testcase name="Logout" classname="test-1.spec.ts" time="11.035">
<failure message="test-1.spec.ts:33:5 Logout" type="FAILURE">
<![CDATA[  [firefox] › test-1.spec.ts:33:5 › Logout ─────────────────────────────────────────────────────────

    Error: Timed out 5000ms waiting for expect(locator).toContainText(expected)

    Locator: getByRole('heading', { name: 'Global dashboard' })
    Expected string: "Global dashboard"
    Received: <element(s) not found>
    Call log:
      - expect.toContainText with timeout 5000ms
      - waiting for getByRole('heading', { name: 'Global dashboard' })


      38 |   await page.getByRole('textbox').fill('Password123!');
      39 |   await page.getByRole('button', { name: 'Sign in' }).click();
    > 40 |   await expect(page.getByRole('heading', { name: 'Global dashboard' })).toContainText('Global dashboard');
         |                                                                         ^
      41 |   await page.locator('org-navigator').getByRole('button').first().click();
      42 |   await page.getByText('Log out').click();
      43 |   await expect(page.getByRole('heading')).toContainText('Sign in');

        at /Users/devico/Documents/Nanitor UI Tests/tests/test-1.spec.ts:40:73
]]>
</failure>
</testcase>
</testsuite>
<testsuite name="test-1.spec.ts" timestamp="2024-07-17T12:50:58.495Z" hostname="webkit" tests="4" failures="2" skipped="0" time="39.896" errors="0">
<testcase name="Successfull login" classname="test-1.spec.ts" time="12.455">
<failure message="test-1.spec.ts:4:5 Successfull login" type="FAILURE">
<![CDATA[  [webkit] › test-1.spec.ts:4:5 › Successfull login ────────────────────────────────────────────────

    Error: Timed out 5000ms waiting for expect(locator).toContainText(expected)

    Locator: getByRole('heading', { name: 'Global dashboard' })
    Expected string: "Global dashboard"
    Received: <element(s) not found>
    Call log:
      - expect.toContainText with timeout 5000ms
      - waiting for getByRole('heading', { name: 'Global dashboard' })


       9 |   await page.getByRole('textbox').fill('Password123!');
      10 |   await page.getByRole('button', { name: 'Sign in' }).click();
    > 11 |   await expect(page.getByRole('heading', { name: 'Global dashboard' })).toContainText('Global dashboard');
         |                                                                         ^
      12 | });
      13 |
      14 | test('Wrong Password login', async ({ page }) => {

        at /Users/devico/Documents/Nanitor UI Tests/tests/test-1.spec.ts:11:73
]]>
</failure>
</testcase>
<testcase name="Wrong Password login" classname="test-1.spec.ts" time="7.592">
</testcase>
<testcase name="Wrong Email login" classname="test-1.spec.ts" time="6.871">
</testcase>
<testcase name="Logout" classname="test-1.spec.ts" time="12.978">
<failure message="test-1.spec.ts:33:5 Logout" type="FAILURE">
<![CDATA[  [webkit] › test-1.spec.ts:33:5 › Logout ──────────────────────────────────────────────────────────

    Error: Timed out 5000ms waiting for expect(locator).toContainText(expected)

    Locator: getByRole('heading', { name: 'Global dashboard' })
    Expected string: "Global dashboard"
    Received: <element(s) not found>
    Call log:
      - expect.toContainText with timeout 5000ms
      - waiting for getByRole('heading', { name: 'Global dashboard' })


      38 |   await page.getByRole('textbox').fill('Password123!');
      39 |   await page.getByRole('button', { name: 'Sign in' }).click();
    > 40 |   await expect(page.getByRole('heading', { name: 'Global dashboard' })).toContainText('Global dashboard');
         |                                                                         ^
      41 |   await page.locator('org-navigator').getByRole('button').first().click();
      42 |   await page.getByText('Log out').click();
      43 |   await expect(page.getByRole('heading')).toContainText('Sign in');

        at /Users/devico/Documents/Nanitor UI Tests/tests/test-1.spec.ts:40:73
]]>
</failure>
</testcase>
</testsuite>
</testsuites>